[04Aug.2026 21:23:36.527] [main/INFO] [cpw.mods.modlauncher.Launcher/MODLAUNCHER]: ModLauncher running: args [--launchTarget, forgeclientdev, --version, 21.1.235, --assetIndex, 17, --assetsDir, /home/moritz/.gradle/caches/neoformruntime/assets, --gameDir, ., --fml.fmlVersion, 4.0.42, --fml.mcVersion, 1.21.1, --fml.neoForgeVersion, 21.1.235, --fml.neoFormVersion, 20240808.144430]
[04Aug.2026 21:23:36.531] [main/INFO] [cpw.mods.modlauncher.Launcher/MODLAUNCHER]: JVM identified as Eclipse Adoptium OpenJDK 64-Bit Server VM 21.0.11+10-LTS
[04Aug.2026 21:23:36.533] [main/INFO] [cpw.mods.modlauncher.Launcher/MODLAUNCHER]: ModLauncher 11.0.5+main.901c6ea8 starting: java version 21.0.11 by Eclipse Adoptium; OS Linux arch amd64 version 7.0.0-28-generic
[04Aug.2026 21:23:36.709] [main/INFO] [net.neoforged.fml.loading.ImmediateWindowHandler/]: Loading ImmediateWindowProvider fmlearlywindow
[04Aug.2026 21:23:36.869] [main/INFO] [EARLYDISPLAY/]: Trying GL version 4.6
[04Aug.2026 21:23:37.182] [main/INFO] [EARLYDISPLAY/]: Requested GL version 4.6 got version 4.6
[04Aug.2026 21:23:37.535] [main/INFO] [mixin/]: SpongePowered MIXIN Subsystem Version=0.8.7 Source=union:/home/moritz/.gradle/caches/modules-2/files-2.1/net.fabricmc/sponge-mixin/0.15.2+mixin.0.8.7/2af2f021d8e02a0220dc27a7a72b4666d66d44ca/sponge-mixin-0.15.2+mixin.0.8.7.jar%23126!/ Service=ModLauncher Env=CLIENT
[04Aug.2026 21:23:37.603] [pool-2-thread-1/INFO] [EARLYDISPLAY/]: GL info: NVIDIA GeForce GTX 1070/PCIe/SSE2 GL version 4.6.0 NVIDIA 580.173.02, NVIDIA Corporation
[04Aug.2026 21:23:38.123] [main/INFO] [net.neoforged.fml.loading.moddiscovery.locators.JarInJarDependencyLocator/]: Found 7 dependencies adding them to mods collection
[04Aug.2026 21:23:38.127] [main/INFO] [net.neoforged.fml.loading.moddiscovery.ModDiscoverer/]: 
     Mod List:
		Name Version (Mod Id)

		Architectury 13.0.11 (architectury)
		Create 6.0.10 (create)
		Create: Power Grid 0.5.5.1 (powergrid)
		Create: PowerGrid Instrumentation 0.0.1 (createpowergridinstrumentation)
		Flywheel 1.0.6 (flywheel)
		Minecraft 1.21.1 (minecraft)
		NeoForge 21.1.235 (neoforge)
		Ponder 1.0.82+mc1.21.1 (ponder)
		Sable Companion 1.5.0 (sablecompanion)
[04Aug.2026 21:23:40.817] [main/INFO] [mixin/]: Compatibility level set to JAVA_21
[04Aug.2026 21:23:40.895] [main/INFO] [cpw.mods.modlauncher.LaunchServiceHandler/MODLAUNCHER]: Launching target 'forgeclientdev' with arguments [--version, 21.1.235, --gameDir, ., --assetsDir, /home/moritz/.gradle/caches/neoformruntime/assets, --assetIndex, 17]
[04Aug.2026 21:23:40.989] [main/WARN] [mixin/]: Reference map 'ponder.refmap.json' for ponder-common.mixins.json could not be read. If this is a development environment you can ignore this message
[04Aug.2026 21:23:41.628] [main/WARN] [mixin/]: Error loading class: dev/ryanhcode/sable/api/SubLevelAssemblyHelper (java.lang.ClassNotFoundException: dev.ryanhcode.sable.api.SubLevelAssemblyHelper)
[04Aug.2026 21:23:41.629] [main/WARN] [mixin/]: @Mixin target dev.ryanhcode.sable.api.SubLevelAssemblyHelper was not found powergrid.mixins.json:sable.SubLevelAssemblerMixin from mod powergrid
[04Aug.2026 21:23:41.926] [main/WARN] [mixin/]: Error loading class: org/jetbrains/annotations/ApiStatus$ScheduledForRemoval (java.lang.ClassNotFoundException: org.jetbrains.annotations.ApiStatus$ScheduledForRemoval)
[04Aug.2026 21:23:41.966] [main/INFO] [MixinExtras|Service/]: Initializing MixinExtras via com.llamalad7.mixinextras.service.MixinExtrasServiceImpl(version=0.5.3).
[04Aug.2026 21:23:45.205] [Datafixer Bootstrap/INFO] [com.mojang.datafixers.DataFixerBuilder/]: 229 Datafixer optimizations took 793 milliseconds
[04Aug.2026 21:23:54.601] [main/WARN] [net.minecraft.commands.Commands/]: Ambiguity between arguments [teleport, location] and [teleport, destination] with inputs: [0.1 -0.5 .9, 0 0 0]
[04Aug.2026 21:23:54.604] [main/WARN] [net.minecraft.commands.Commands/]: Ambiguity between arguments [teleport, location] and [teleport, targets] with inputs: [0.1 -0.5 .9, 0 0 0]
[04Aug.2026 21:23:54.608] [main/WARN] [net.minecraft.commands.Commands/]: Ambiguity between arguments [teleport, destination] and [teleport, targets] with inputs: [Player, 0123, @e, dd12be42-52a9-4a91-a8a1-11c01849e498]
[04Aug.2026 21:23:54.610] [main/WARN] [net.minecraft.commands.Commands/]: Ambiguity between arguments [teleport, targets] and [teleport, destination] with inputs: [Player, 0123, dd12be42-52a9-4a91-a8a1-11c01849e498]
[04Aug.2026 21:23:54.613] [main/WARN] [net.minecraft.commands.Commands/]: Ambiguity between arguments [teleport, targets, location] and [teleport, targets, destination] with inputs: [0.1 -0.5 .9, 0 0 0]
[04Aug.2026 21:23:54.812] [Render thread/WARN] [net.minecraft.server.packs.VanillaPackResourcesBuilder/]: Assets URL 'union:/home/moritz/IdeaProjects/CPG-Instrumentation/build/moddev/artifacts/neoforge-21.1.235.jar%23178!/assets/.mcassetsroot' uses unexpected schema
[04Aug.2026 21:23:54.812] [Render thread/WARN] [net.minecraft.server.packs.VanillaPackResourcesBuilder/]: Assets URL 'union:/home/moritz/IdeaProjects/CPG-Instrumentation/build/moddev/artifacts/neoforge-21.1.235.jar%23178!/data/.mcassetsroot' uses unexpected schema
[04Aug.2026 21:23:54.841] [Render thread/INFO] [com.mojang.authlib.yggdrasil.YggdrasilAuthenticationService/]: Environment: Environment[sessionHost=https://sessionserver.mojang.com, servicesHost=https://api.minecraftservices.com, name=PROD]
[04Aug.2026 21:23:54.853] [Render thread/INFO] [net.minecraft.client.Minecraft/]: Setting user: Dev
[04Aug.2026 21:23:55.033] [Render thread/INFO] [net.minecraft.client.Minecraft/]: Backend library: LWJGL version 3.3.3+5
[04Aug.2026 21:23:55.599] [modloading-worker-0/INFO] [net.neoforged.neoforge.common.NeoForgeMod/NEOFORGE-MOD]: NeoForge mod loading, version 21.1.235, for MC 1.21.1
[04Aug.2026 21:23:55.856] [modloading-worker-0/INFO] [com.simibubi.create.Create/]: Create 6.0.10 initializing! Commit hash: ac0c444d9828da3453ae8cc65338e8de063286fb
[04Aug.2026 21:23:55.997] [modloading-worker-0/INFO] [org.patryk3211.powergrid.PowerGrid/]: Power grid starting, prepare to be electrocuted
[04Aug.2026 21:23:56.022] [modloading-worker-0/INFO] [org.patryk3211.powergrid.PowerGrid/]: Native backend loaded successfully
[04Aug.2026 21:24:03.539] [Render thread/INFO] [net.neoforged.neoforge.gametest.GameTestHooks/]: Enabled Gametest Namespaces: [createpowergridinstrumentation]
[04Aug.2026 21:24:03.985] [Render thread/INFO] [net.minecraft.server.packs.resources.ReloadableResourceManager/]: Reloading ResourceManager: vanilla, mod_resources, mod/flywheel, mod/sablecompanion, mod/createpowergridinstrumentation, mod/architectury, mod/powergrid, mod/ponder, mod/create, mod/neoforge
[04Aug.2026 21:24:03.999] [Worker-Main-2/INFO] [createpowergridinstrumentation/]: Common setup...
[04Aug.2026 21:24:04.069] [NeoForge Version Check/INFO] [net.neoforged.fml.VersionChecker/]: [create] Starting version check at https://api.modrinth.com/updates/create/forge_updates.json?neoforge=only
[04Aug.2026 21:24:04.150] [Worker-Main-7/INFO] [net.minecraft.client.gui.font.providers.UnihexProvider/]: Found unifont_all_no_pua-15.1.05.hex, loading
[04Aug.2026 21:24:04.602] [NeoForge Version Check/INFO] [net.neoforged.fml.VersionChecker/]: [create] Found status: OUTDATED Current: 6.0.10 Target: 6.0.10+mc1.21.1
[04Aug.2026 21:24:04.946] [Worker-Main-1/INFO] [createpowergridinstrumentation/]: Client setup...
[04Aug.2026 21:24:05.020] [Worker-Main-1/INFO] [net.minecraft.client.gui.font.providers.UnihexProvider/]: Found unifont_jp_patch-15.1.05.hex, loading
[04Aug.2026 21:24:09.055] [Worker-Main-7/INFO] [PonderIndex/]: Registering Ponder Scenes took 153.9 ms
[04Aug.2026 21:24:09.063] [Worker-Main-7/INFO] [PonderIndex/]: Registering Ponder Tags took 6.891 ms
[04Aug.2026 21:24:09.250] [Render thread/WARN] [net.minecraft.client.sounds.SoundEngine/]: Missing sound for event: minecraft:item.goat_horn.play
[04Aug.2026 21:24:09.251] [Render thread/WARN] [net.minecraft.client.sounds.SoundEngine/]: Missing sound for event: minecraft:entity.goat.screaming.horn_break
[04Aug.2026 21:24:09.359] [Render thread/INFO] [com.mojang.blaze3d.audio.Library/]: OpenAL initialized on device Built-in Audio Analoges Stereo
[04Aug.2026 21:24:09.360] [Render thread/INFO] [net.minecraft.client.sounds.SoundEngine/SOUNDS]: Sound engine started
[04Aug.2026 21:24:09.550] [Render thread/INFO] [net.minecraft.client.renderer.texture.TextureAtlas/]: Created: 2048x1024x4 minecraft:textures/atlas/blocks.png-atlas
[04Aug.2026 21:24:09.567] [Render thread/INFO] [net.minecraft.client.renderer.texture.TextureAtlas/]: Created: 256x256x4 minecraft:textures/atlas/signs.png-atlas
[04Aug.2026 21:24:09.567] [Render thread/INFO] [net.minecraft.client.renderer.texture.TextureAtlas/]: Created: 512x512x4 minecraft:textures/atlas/shield_patterns.png-atlas
[04Aug.2026 21:24:09.568] [Render thread/INFO] [net.minecraft.client.renderer.texture.TextureAtlas/]: Created: 512x512x4 minecraft:textures/atlas/banner_patterns.png-atlas
[04Aug.2026 21:24:09.569] [Render thread/INFO] [net.minecraft.client.renderer.texture.TextureAtlas/]: Created: 2048x1024x4 minecraft:textures/atlas/armor_trims.png-atlas
[04Aug.2026 21:24:09.578] [Render thread/INFO] [net.minecraft.client.renderer.texture.TextureAtlas/]: Created: 256x256x4 minecraft:textures/atlas/chest.png-atlas
[04Aug.2026 21:24:09.578] [Render thread/INFO] [net.minecraft.client.renderer.texture.TextureAtlas/]: Created: 128x64x4 minecraft:textures/atlas/decorated_pot.png-atlas
[04Aug.2026 21:24:09.578] [Render thread/INFO] [net.minecraft.client.renderer.texture.TextureAtlas/]: Created: 512x256x4 minecraft:textures/atlas/beds.png-atlas
[04Aug.2026 21:24:09.579] [Render thread/INFO] [net.minecraft.client.renderer.texture.TextureAtlas/]: Created: 512x256x4 minecraft:textures/atlas/shulker_boxes.png-atlas
[04Aug.2026 21:24:09.656] [Render thread/INFO] [net.minecraft.client.renderer.texture.TextureAtlas/]: Created: 512x256x0 minecraft:textures/atlas/particles.png-atlas
[04Aug.2026 21:24:09.657] [Render thread/INFO] [net.minecraft.client.renderer.texture.TextureAtlas/]: Created: 512x256x0 minecraft:textures/atlas/paintings.png-atlas
[04Aug.2026 21:24:09.658] [Render thread/INFO] [net.minecraft.client.renderer.texture.TextureAtlas/]: Created: 256x128x0 minecraft:textures/atlas/mob_effects.png-atlas
[04Aug.2026 21:24:09.659] [Render thread/INFO] [net.minecraft.client.renderer.texture.TextureAtlas/]: Created: 64x64x0 minecraft:textures/atlas/map_decorations.png-atlas
[04Aug.2026 21:24:09.659] [Render thread/INFO] [net.minecraft.client.renderer.texture.TextureAtlas/]: Created: 1024x512x0 minecraft:textures/atlas/gui.png-atlas
[04Aug.2026 21:24:09.700] [Render thread/WARN] [net.minecraft.client.renderer.ShaderInstance/]: Shader rendertype_entity_translucent_emissive could not find sampler named Sampler2 in the specified shader program.
[04Aug.2026 21:24:09.796] [Render thread/INFO] [flywheel/backend/shaders/]: Loaded 77 shader sources in 22,820 ms
[04Aug.2026 21:24:09.824] [Render thread/INFO] [com.simibubi.create.Create/]: Loaded 58 train hat configurations.
[04Aug.2026 21:24:09.825] [Render thread/INFO] [net.neoforged.neoforge.client.entity.animation.json.AnimationLoader/]: Loaded 0 entity animations
[04Aug.2026 21:24:13.914] [Render thread/INFO] [com.simibubi.create.Create/]: Created 157 recipes which will be injected into the game
[04Aug.2026 21:24:13.919] [Render thread/INFO] [com.simibubi.create.Create/]: Created 0 tags which will be injected into the game
[04Aug.2026 21:24:13.935] [Render thread/INFO] [net.minecraft.server.MinecraftServer/]: Found new data pack create:dynamic_data, loading it automatically
[04Aug.2026 21:24:15.296] [Render thread/INFO] [net.minecraft.world.item.crafting.RecipeManager/]: Loaded 2906 recipes
[04Aug.2026 21:24:15.627] [Render thread/INFO] [net.minecraft.advancements.AdvancementTree/]: Loaded 2566 advancements
[04Aug.2026 21:24:46.877] [Render thread/INFO] [net.minecraft.client.Minecraft/]: Stopping!
